// Jest Snapshot v1, https://goo.gl/fbAQLP

exports[`home component to check app render correctly 1`] = `
<View
  style={
    {
      "backgroundColor": "#fff",
      "height": "100%",
      "width": "100%",
    }
  }
>
  <View
    style={
      {
        "backgroundColor": "#d9eda8",
        "height": "70%",
        "position": "absolute",
        "width": "100%",
      }
    }
  >
    <View
      accessibilityIgnoresInvertColors={true}
      style={
        {
          "flexDirection": "row",
          "height": "100%",
          "width": "100%",
        }
      }
    >
      <Image
        resizeMode="stretch"
        source={
          {
            "testUri": "../../../images/bgColor.png",
          }
        }
        style={
          [
            {
              "bottom": 0,
              "left": 0,
              "position": "absolute",
              "right": 0,
              "top": 0,
            },
            {
              "height": "100%",
              "width": "100%",
            },
            undefined,
          ]
        }
      />
      <View
        style={
          {
            "height": "100%",
            "width": "100%",
          }
        }
      >
        <Image
          resizeMode="stretch"
          source={
            {
              "testUri": "../../../images/chef1.png",
            }
          }
          style={
            {
              "height": "100%",
              "width": "100%",
            }
          }
        />
      </View>
      <Image
        source={
          {
            "testUri": "../../../images/burger.png",
          }
        }
        style={
          {
            "alignItems": "center",
            "bottom": 150,
            "height": 120,
            "justifyContent": "center",
            "position": "absolute",
            "right": 50,
            "width": 130,
          }
        }
      />
    </View>
    <View
      accessibilityState={
        {
          "busy": undefined,
          "checked": undefined,
          "disabled": undefined,
          "expanded": undefined,
          "selected": undefined,
        }
      }
      accessibilityValue={
        {
          "max": undefined,
          "min": undefined,
          "now": undefined,
          "text": undefined,
        }
      }
      accessible={true}
      collapsable={false}
      focusable={true}
      onClick={[Function]}
      onResponderGrant={[Function]}
      onResponderMove={[Function]}
      onResponderRelease={[Function]}
      onResponderTerminate={[Function]}
      onResponderTerminationRequest={[Function]}
      onStartShouldSetResponder={[Function]}
      style={
        {
          "backgroundColor": "white",
          "borderRadius": 10,
          "bottom": 430,
          "flexDirection": "row",
          "left": 300,
          "opacity": 1,
          "padding": 5,
          "right": 0,
        }
      }
      testID="skip-btn"
    >
      <Image
        source={
          {
            "testUri": "../../../images/skip.png",
          }
        }
        style={
          {
            "alignSelf": "center",
            "height": 20,
            "width": 20,
          }
        }
      />
      <Text
        style={
          {
            "color": "#000000",
            "fontSize": 20,
            "fontWeight": "bold",
            "marginLeft": 10,
          }
        }
      >
        Skip
      </Text>
    </View>
  </View>
  <View
    style={
      {
        "alignItems": "center",
        "alignSelf": "center",
        "backgroundColor": "#fff",
        "borderRadius": 263,
        "flexDirection": "column",
        "height": 526,
        "justifyContent": "center",
        "left": -60,
        "position": "absolute",
        "top": 370,
        "width": 526,
      }
    }
  >
    <View
      style={
        {
          "backgroundColor": "red",
          "borderRadius": 50,
          "height": 80,
          "position": "absolute",
          "top": -32,
          "width": 80,
        }
      }
    >
      <Image
        source={
          {
            "testUri": "../../../images/Vector.png",
          }
        }
        style={
          {
            "alignSelf": "center",
            "height": 20,
            "top": 30,
            "width": 20,
          }
        }
      />
    </View>
    <View
      style={
        {
          "bottom": 100,
        }
      }
    >
      <Text
        style={
          {
            "alignSelf": "center",
            "color": "#000000",
            "fontSize": 25,
            "fontWeight": "bold",
          }
        }
      >
        We have Quality Chef
      </Text>
      <Text
        style={
          {
            "alignSelf": "center",
            "fontSize": 15,
            "fontWeight": "bold",
          }
        }
      >
        It is a long established fact that
      </Text>
      <Text
        style={
          {
            "alignSelf": "center",
            "fontSize": 15,
            "fontWeight": "bold",
          }
        }
      >
        A reader will be distracted
      </Text>
    </View>
    <View
      style={
        {
          "bottom": 40,
          "flexDirection": "row",
        }
      }
    >
      <View
        style={
          {
            "backgroundColor": "#DF201F",
            "borderColor": "#94CD00",
            "borderRadius": 100,
            "borderWidth": 2,
            "height": 15,
            "marginRight": 10,
            "width": 15,
          }
        }
      />
      <View
        style={
          {
            "borderColor": "#94CD00",
            "borderRadius": 100,
            "borderWidth": 2,
            "height": 15,
            "marginRight": 10,
            "width": 15,
          }
        }
      />
      <View
        style={
          {
            "borderColor": "#94CD00",
            "borderRadius": 100,
            "borderWidth": 2,
            "height": 15,
            "marginRight": 10,
            "width": 15,
          }
        }
      />
      <View
        style={
          {
            "borderColor": "#94CD00",
            "borderRadius": 100,
            "borderWidth": 2,
            "height": 15,
            "marginRight": 10,
            "width": 15,
          }
        }
      />
    </View>
  </View>
</View>
`;
