// Jest Snapshot v1, https://goo.gl/fbAQLP

exports[`home component to check app render correctly 1`] = `
<View
  style={
    {
      "backgroundColor": "#f70f0f",
      "height": "100%",
      "width": "100%",
    }
  }
>
  <View
    style={
      {
        "alignItems": "center",
        "justifyContent": "center",
        "margin": 40,
      }
    }
  >
    <Text
      style={
        {
          "color": "#ffffff",
          "fontSize": 30,
          "fontWeight": "bold",
        }
      }
    >
      OTP Verification
    </Text>
    <Image
      resizeMode="stretch"
      source={
        {
          "testUri": "../../../images/OTP/emailPic.png",
        }
      }
      style={
        {
          "height": 100,
          "marginTop": 30,
          "width": 100,
        }
      }
    />
  </View>
  <Text
    style={
      {
        "alignSelf": "center",
        "color": "#ffffff",
        "fontSize": 20,
      }
    }
  >
    Enter The OTP sent to
  </Text>
  <Text
    style={
      {
        "alignSelf": "center",
        "color": "#ffffff",
        "fontSize": 20,
      }
    }
  >
    9876543210
  </Text>
  <View
    style={
      {
        "alignSelf": "center",
      }
    }
  >
    <OtpVerify
      pinCount={4}
      style={
        {
          "height": 80,
          "top": 20,
          "width": 200,
        }
      }
    />
  </View>
  <View
    style={
      {
        "alignSelf": "center",
        "flexDirection": "row",
        "marginTop": 20,
      }
    }
  >
    <Text
      style={
        {
          "color": "#ffffff",
          "fontSize": 20,
          "fontWeight": "bold",
          "right": 30,
          "top": 10,
        }
      }
    >
      Resend OTP
    </Text>
    <View
      style={
        {
          "alignItems": "center",
          "backgroundColor": "#b50d0d",
          "borderRadius": 100,
          "justifyContent": "center",
          "left": 100,
          "paddingHorizontal": 10,
          "position": "absolute",
        }
      }
    >
      <Image
        resizeMode="stretch"
        source={
          {
            "testUri": "../../../images/OTP/reload.png",
          }
        }
        style={
          {
            "height": 15,
            "marginTop": 30,
            "top": -15,
            "width": 15,
          }
        }
      />
    </View>
  </View>
  <RNGestureHandlerButton
    collapsable={false}
    delayLongPress={600}
    enabled={true}
    exclusive={true}
    handlerTag={2}
    handlerType="NativeViewGestureHandler"
    onGestureEvent={[Function]}
    onGestureHandlerEvent={[Function]}
    onGestureHandlerStateChange={[Function]}
    onHandlerStateChange={[Function]}
    rippleColor={0}
    touchSoundDisabled={false}
  >
    <View
      accessible={true}
      collapsable={false}
      style={
        {
          "backgroundColor": "#94CD00",
          "borderRadius": 40,
          "margin": 140,
          "marginHorizontal": 40,
          "opacity": 1,
          "padding": 7,
          "top": 0,
        }
      }
    >
      <Text
        style={
          {
            "alignSelf": "center",
            "color": "#ffffff",
            "fontSize": 25,
          }
        }
      >
        SUBMIT
      </Text>
    </View>
  </RNGestureHandlerButton>
</View>
`;
