// Jest Snapshot v1, https://goo.gl/fbAQLP

exports[`home component to check app render correctly 1`] = `
<View
  style={
    {
      "height": "100%",
      "position": "absolute",
      "width": "100%",
    }
  }
>
  <View
    style={
      {
        "bottom": 200,
        "height": "20%",
        "width": "100%",
      }
    }
  >
    <View
      accessibilityIgnoresInvertColors={true}
      style={
        {
          "height": 320,
          "resizeMode": "cover",
          "width": 750,
        }
      }
    >
      <Image
        resizeMode="cover"
        source={
          {
            "testUri": "../../../images/login/bgresto.png",
          }
        }
        style={
          [
            {
              "bottom": 0,
              "left": 0,
              "position": "absolute",
              "right": 0,
              "top": 0,
            },
            {
              "height": 320,
              "width": 750,
            },
            undefined,
          ]
        }
      />
      <View
        style={
          {
            "flexDirection": "row",
          }
        }
      >
        <Image
          resizeMode="stretch"
          source={
            {
              "testUri": "../../../images/login/backArrow.png",
            }
          }
          style={
            {
              "height": 15,
              "left": 20,
              "top": 240,
              "width": 15,
            }
          }
        />
        <Text
          style={
            {
              "color": "#ffffff",
              "fontSize": 30,
              "fontWeight": "bold",
              "left": 35,
              "top": 225,
            }
          }
        >
          Register
        </Text>
      </View>
    </View>
  </View>
  <View
    style={
      {
        "height": "70%",
        "width": "100%",
      }
    }
  >
    <View
      style={
        {
          "backgroundColor": "#e3e8e5",
          "flexDirection": "row",
          "height": 50,
          "justifyContent": "space-between",
          "marginBottom": 7,
          "marginHorizontal": 20,
          "padding": 10,
        }
      }
    >
      <TextInput
        collapsable={false}
        handlerTag={4}
        handlerType="NativeViewGestureHandler"
        onChangeText={[Function]}
        onGestureHandlerEvent={[Function]}
        onGestureHandlerStateChange={[Function]}
        placeholder="Name"
        style={
          {
            "color": "#000000",
            "fontSize": 15,
            "fontWeight": "bold",
            "height": 40,
          }
        }
        testID="input-name"
        value=""
      />
      <Image
        resizeMode="stretch"
        source={
          {
            "testUri": "../../../images/login/menlogo.png",
          }
        }
        style={
          {
            "height": 15,
            "top": 15,
            "width": 15,
          }
        }
      />
    </View>
    <View
      style={
        {
          "backgroundColor": "#e3e8e5",
          "flexDirection": "row",
          "height": 65,
          "marginBottom": 7,
          "marginHorizontal": 20,
        }
      }
    >
      <PhoneInput
        defaultCode="IN"
        layout="first"
        onChangeText={[Function]}
        testID="input-phone"
        value=""
        withDarkTheme={true}
      />
    </View>
    <View
      style={
        {
          "backgroundColor": "#e3e8e5",
          "flexDirection": "row",
          "height": 50,
          "justifyContent": "space-between",
          "marginBottom": 7,
          "marginHorizontal": 20,
          "padding": 10,
        }
      }
    >
      <TextInput
        collapsable={false}
        handlerTag={5}
        handlerType="NativeViewGestureHandler"
        onChangeText={[Function]}
        onGestureHandlerEvent={[Function]}
        onGestureHandlerStateChange={[Function]}
        placeholder="Email Id"
        style={
          {
            "color": "#000000",
            "fontSize": 15,
            "fontWeight": "bold",
            "height": 40,
          }
        }
        testID="input-email"
        value=""
      />
      <Image
        resizeMode="stretch"
        source={
          {
            "testUri": "../../../images/login/emaillogo.png",
          }
        }
        style={
          {
            "height": 15,
            "top": 15,
            "width": 15,
          }
        }
      />
    </View>
    <View
      style={
        {
          "bottom": 20,
          "marginBottom": 7,
          "marginHorizontal": 20,
          "padding": 10,
        }
      }
    >
      <Text
        style={
          {
            "color": "#000000",
            "fontWeight": "bold",
            "top": 20,
          }
        }
      >
        Passcode
      </Text>
      <OTPInputView
        code=""
        codeInputFieldStyle={
          {
            "borderBottomWidth": 1,
            "borderWidth": 2,
            "color": "#000000",
            "height": 40,
            "width": 50,
          }
        }
        codeInputHighlightStyle={
          {
            "borderColor": "#000000",
          }
        }
        onCodeChanged={[Function]}
        pinCount={6}
        style={
          {
            "height": 80,
            "top": 20,
            "width": 200,
          }
        }
        testID="input-pass"
      />
      <Text
        style={
          {
            "color": "#000000",
            "fontWeight": "bold",
            "top": 20,
          }
        }
      >
        Confirm Passcode
      </Text>
      <OTPInputView
        codeInputFieldStyle={
          {
            "borderBottomWidth": 1,
            "borderWidth": 2,
            "color": "#000000",
            "height": 40,
            "width": 50,
          }
        }
        codeInputHighlightStyle={
          {
            "borderColor": "#000000",
          }
        }
        pinCount={6}
        style={
          {
            "height": 80,
            "top": 20,
            "width": 200,
          }
        }
      />
    </View>
    <View
      style={
        {
          "backgroundColor": "#e3e8e5",
          "bottom": 20,
          "flexDirection": "row",
          "justifyContent": "space-between",
          "marginBottom": 7,
          "marginHorizontal": 20,
          "padding": 10,
        }
      }
    >
      <Text
        style={
          {
            "color": "#000000",
            "fontSize": 15,
            "fontWeight": "bold",
          }
        }
      >
        State
      </Text>
      <Image
        resizeMode="stretch"
        source={
          {
            "testUri": "../../../images/downArrow.png",
          }
        }
        style={
          {
            "height": 15,
            "width": 15,
          }
        }
      />
    </View>
    <View
      style={
        {
          "bottom": 10,
          "left": 50,
        }
      }
    >
      <View
        style={
          {
            "backgroundColor": "red",
            "position": "absolute",
          }
        }
      >
        <Image
          resizeMode="stretch"
          source={
            {
              "testUri": "../../../images/rightArraw.png",
            }
          }
          style={
            {
              "height": 15,
              "width": 15,
            }
          }
        />
      </View>
      <Text
        style={
          {
            "bottom": 5,
            "color": "#000000",
            "fontSize": 15,
            "marginHorizontal": 20,
          }
        }
      >
        Agree Term And Conditions
      </Text>
    </View>
    <RNGestureHandlerButton
      collapsable={false}
      delayLongPress={600}
      enabled={true}
      exclusive={true}
      handlerTag={6}
      handlerType="NativeViewGestureHandler"
      onGestureEvent={[Function]}
      onGestureHandlerEvent={[Function]}
      onGestureHandlerStateChange={[Function]}
      onHandlerStateChange={[Function]}
      rippleColor={0}
      testID="register-btn"
      touchSoundDisabled={false}
    >
      <View
        accessible={true}
        collapsable={false}
        style={
          {
            "backgroundColor": "#94CD00",
            "borderRadius": 40,
            "marginHorizontal": 40,
            "opacity": 1,
            "padding": 7,
            "top": -10,
          }
        }
      >
        <Text
          style={
            {
              "alignSelf": "center",
              "color": "#ffffff",
              "fontSize": 25,
            }
          }
        >
          Register
        </Text>
      </View>
    </RNGestureHandlerButton>
  </View>
</View>
`;
